package rmtypes

type (
	prefixA string
	prefixL = prefixA
)

const (
	prefixV = iota
	prefixV1
	prefixV2
)
const (
	prefixC  = prefixL("abc")
	prefixCA = prefixA("xyz")
)

type prefixAS struct {
	V S
}

func (as prefixAS) String() string {
	return as.V.String()
}
func (as *prefixAS) GoString() string {
	return as.V.String()
}
